Archive member included to satisfy reference by file (symbol)

D:\Iot\SDK_1.0.3_NUCLEO-F401RE\lib_stm\libLibraries.a(system_stm32f4xx.o)
                              ./Src/main.o (SystemCoreClockUpdate)
D:\Iot\SDK_1.0.3_NUCLEO-F401RE\lib_stm\libLibraries.a(stm32f401re_gpio.o)
                              ./Src/main.o (GPIO_Init)
D:\Iot\SDK_1.0.3_NUCLEO-F401RE\lib_stm\libLibraries.a(stm32f401re_rcc.o)
                              ./Src/main.o (RCC_AHB1PeriphClockCmd)
D:/Iot/STM32CubeIDE_1.14.1/STM32CubeIDE/plugins/com.st.stm32cube.ide.mcu.externaltools.gnu-tools-for-stm32.11.3.rel1.win32_1.1.100.202309141235/tools/bin/../lib/gcc/arm-none-eabi/11.3.1/../../../../arm-none-eabi/lib/thumb/v7e-m+fp/hard\libc_nano.a(libc_a-exit.o)
                              D:/Iot/STM32CubeIDE_1.14.1/STM32CubeIDE/plugins/com.st.stm32cube.ide.mcu.externaltools.gnu-tools-for-stm32.11.3.rel1.win32_1.1.100.202309141235/tools/bin/../lib/gcc/arm-none-eabi/11.3.1/../../../../arm-none-eabi/lib/thumb/v7e-m+fp/hard/crt0.o (exit)
D:/Iot/STM32CubeIDE_1.14.1/STM32CubeIDE/plugins/com.st.stm32cube.ide.mcu.externaltools.gnu-tools-for-stm32.11.3.rel1.win32_1.1.100.202309141235/tools/bin/../lib/gcc/arm-none-eabi/11.3.1/../../../../arm-none-eabi/lib/thumb/v7e-m+fp/hard\libc_nano.a(libc_a-findfp.o)
                              D:/Iot/STM32CubeIDE_1.14.1/STM32CubeIDE/plugins/com.st.stm32cube.ide.mcu.externaltools.gnu-tools-for-stm32.11.3.rel1.win32_1.1.100.202309141235/tools/bin/../lib/gcc/arm-none-eabi/11.3.1/../../../../arm-none-eabi/lib/thumb/v7e-m+fp/hard\libc_nano.a(libc_a-exit.o) (__stdio_exit_handler)
D:/Iot/STM32CubeIDE_1.14.1/STM32CubeIDE/plugins/com.st.stm32cube.ide.mcu.externaltools.gnu-tools-for-stm32.11.3.rel1.win32_1.1.100.202309141235/tools/bin/../lib/gcc/arm-none-eabi/11.3.1/../../../../arm-none-eabi/lib/thumb/v7e-m+fp/hard\libc_nano.a(libc_a-fwalk.o)
                              D:/Iot/STM32CubeIDE_1.14.1/STM32CubeIDE/plugins/com.st.stm32cube.ide.mcu.externaltools.gnu-tools-for-stm32.11.3.rel1.win32_1.1.100.202309141235/tools/bin/../lib/gcc/arm-none-eabi/11.3.1/../../../../arm-none-eabi/lib/thumb/v7e-m+fp/hard\libc_nano.a(libc_a-findfp.o) (_fwalk_sglue)
D:/Iot/STM32CubeIDE_1.14.1/STM32CubeIDE/plugins/com.st.stm32cube.ide.mcu.externaltools.gnu-tools-for-stm32.11.3.rel1.win32_1.1.100.202309141235/tools/bin/../lib/gcc/arm-none-eabi/11.3.1/../../../../arm-none-eabi/lib/thumb/v7e-m+fp/hard\libc_nano.a(libc_a-stdio.o)
                              D:/Iot/STM32CubeIDE_1.14.1/STM32CubeIDE/plugins/com.st.stm32cube.ide.mcu.externaltools.gnu-tools-for-stm32.11.3.rel1.win32_1.1.100.202309141235/tools/bin/../lib/gcc/arm-none-eabi/11.3.1/../../../../arm-none-eabi/lib/thumb/v7e-m+fp/hard\libc_nano.a(libc_a-findfp.o) (__sread)
D:/Iot/STM32CubeIDE_1.14.1/STM32CubeIDE/plugins/com.st.stm32cube.ide.mcu.externaltools.gnu-tools-for-stm32.11.3.rel1.win32_1.1.100.202309141235/tools/bin/../lib/gcc/arm-none-eabi/11.3.1/../../../../arm-none-eabi/lib/thumb/v7e-m+fp/hard\libc_nano.a(libc_a-memset.o)
                              D:/Iot/STM32CubeIDE_1.14.1/STM32CubeIDE/plugins/com.st.stm32cube.ide.mcu.externaltools.gnu-tools-for-stm32.11.3.rel1.win32_1.1.100.202309141235/tools/bin/../lib/gcc/arm-none-eabi/11.3.1/../../../../arm-none-eabi/lib/thumb/v7e-m+fp/hard/crt0.o (memset)
D:/Iot/STM32CubeIDE_1.14.1/STM32CubeIDE/plugins/com.st.stm32cube.ide.mcu.externaltools.gnu-tools-for-stm32.11.3.rel1.win32_1.1.100.202309141235/tools/bin/../lib/gcc/arm-none-eabi/11.3.1/../../../../arm-none-eabi/lib/thumb/v7e-m+fp/hard\libc_nano.a(libc_a-closer.o)
                              D:/Iot/STM32CubeIDE_1.14.1/STM32CubeIDE/plugins/com.st.stm32cube.ide.mcu.externaltools.gnu-tools-for-stm32.11.3.rel1.win32_1.1.100.202309141235/tools/bin/../lib/gcc/arm-none-eabi/11.3.1/../../../../arm-none-eabi/lib/thumb/v7e-m+fp/hard\libc_nano.a(libc_a-stdio.o) (_close_r)
D:/Iot/STM32CubeIDE_1.14.1/STM32CubeIDE/plugins/com.st.stm32cube.ide.mcu.externaltools.gnu-tools-for-stm32.11.3.rel1.win32_1.1.100.202309141235/tools/bin/../lib/gcc/arm-none-eabi/11.3.1/../../../../arm-none-eabi/lib/thumb/v7e-m+fp/hard\libc_nano.a(libc_a-reent.o)
                              D:/Iot/STM32CubeIDE_1.14.1/STM32CubeIDE/plugins/com.st.stm32cube.ide.mcu.externaltools.gnu-tools-for-stm32.11.3.rel1.win32_1.1.100.202309141235/tools/bin/../lib/gcc/arm-none-eabi/11.3.1/../../../../arm-none-eabi/lib/thumb/v7e-m+fp/hard\libc_nano.a(libc_a-closer.o) (errno)
D:/Iot/STM32CubeIDE_1.14.1/STM32CubeIDE/plugins/com.st.stm32cube.ide.mcu.externaltools.gnu-tools-for-stm32.11.3.rel1.win32_1.1.100.202309141235/tools/bin/../lib/gcc/arm-none-eabi/11.3.1/../../../../arm-none-eabi/lib/thumb/v7e-m+fp/hard\libc_nano.a(libc_a-impure.o)
                              D:/Iot/STM32CubeIDE_1.14.1/STM32CubeIDE/plugins/com.st.stm32cube.ide.mcu.externaltools.gnu-tools-for-stm32.11.3.rel1.win32_1.1.100.202309141235/tools/bin/../lib/gcc/arm-none-eabi/11.3.1/../../../../arm-none-eabi/lib/thumb/v7e-m+fp/hard\libc_nano.a(libc_a-reent.o) (_impure_ptr)
[...]
Memory Configuration

Name             Origin             Length             Attributes
RAM              0x0000000020000000 0x0000000000018000 xrw
FLASH            0x0000000008000000 0x0000000000080000 xr
*default*        0x0000000000000000 0xffffffffffffffff

Linker script and memory map

LOAD D:/Iot/STM32CubeIDE_1.14.1/STM32CubeIDE/plugins/com.st.stm32cube.ide.mcu.externaltools.gnu-tools-for-stm32.11.3.rel1.win32_1.1.100.202309141235/tools/bin/../lib/gcc/arm-none-eabi/11.3.1/thumb/v7e-m+fp/hard/crti.o
LOAD D:/Iot/STM32CubeIDE_1.14.1/STM32CubeIDE/plugins/com.st.stm32cube.ide.mcu.externaltools.gnu-tools-for-stm32.11.3.rel1.win32_1.1.100.202309141235/tools/bin/../lib/gcc/arm-none-eabi/11.3.1/thumb/v7e-m+fp/hard/crtbegin.o
LOAD D:/Iot/STM32CubeIDE_1.14.1/STM32CubeIDE/plugins/com.st.stm32cube.ide.mcu.externaltools.gnu-tools-for-stm32.11.3.rel1.win32_1.1.100.202309141235/tools/bin/../lib/gcc/arm-none-eabi/11.3.1/../../../../arm-none-eabi/lib/thumb/v7e-m+fp/hard/crt0.o
LOAD ./Src/main.o
LOAD ./Src/syscalls.o
LOAD ./Src/sysmem.o
LOAD ./Startup/startup_stm32f401retx.o
LOAD D:\Iot\SDK_1.0.3_NUCLEO-F401RE\lib_stm\libLibraries.a
START GROUP
LOAD D:/Iot/STM32CubeIDE_1.14.1/STM32CubeIDE/plugins/com.st.stm32cube.ide.mcu.externaltools.gnu-tools-for-stm32.11.3.rel1.win32_1.1.100.202309141235/tools/bin/../lib/gcc/arm-none-eabi/11.3.1/../../../../arm-none-eabi/lib/thumb/v7e-m+fp/hard\libc_nano.a
LOAD D:/Iot/STM32CubeIDE_1.14.1/STM32CubeIDE/plugins/com.st.stm32cube.ide.mcu.externaltools.gnu-tools-for-stm32.11.3.rel1.win32_1.1.100.202309141235/tools/bin/../lib/gcc/arm-none-eabi/11.3.1/../../../../arm-none-eabi/lib/thumb/v7e-m+fp/hard\libm.a
END GROUP
START GROUP
LOAD D:/Iot/STM32CubeIDE_1.14.1/STM32CubeIDE/plugins/com.st.stm32cube.ide.mcu.externaltools.gnu-tools-for-stm32.11.3.rel1.win32_1.1.100.202309141235/tools/bin/../lib/gcc/arm-none-eabi/11.3.1/thumb/v7e-m+fp/hard\libgcc.a
LOAD D:/Iot/STM32CubeIDE_1.14.1/STM32CubeIDE/plugins/com.st.stm32cube.ide.mcu.externaltools.gnu-tools-for-stm32.11.3.rel1.win32_1.1.100.202309141235/tools/bin/../lib/gcc/arm-none-eabi/11.3.1/../../../../arm-none-eabi/lib/thumb/v7e-m+fp/hard\libc_nano.a
END GROUP
START GROUP
LOAD D:/Iot/STM32CubeIDE_1.14.1/STM32CubeIDE/plugins/com.st.stm32cube.ide.mcu.externaltools.gnu-tools-for-stm32.11.3.rel1.win32_1.1.100.202309141235/tools/bin/../lib/gcc/arm-none-eabi/11.3.1/thumb/v7e-m+fp/hard\libgcc.a
LOAD D:/Iot/STM32CubeIDE_1.14.1/STM32CubeIDE/plugins/com.st.stm32cube.ide.mcu.externaltools.gnu-tools-for-stm32.11.3.rel1.win32_1.1.100.202309141235/tools/bin/../lib/gcc/arm-none-eabi/11.3.1/../../../../arm-none-eabi/lib/thumb/v7e-m+fp/hard\libc_nano.a
LOAD D:/Iot/STM32CubeIDE_1.14.1/STM32CubeIDE/plugins/com.st.stm32cube.ide.mcu.externaltools.gnu-tools-for-stm32.11.3.rel1.win32_1.1.100.202309141235/tools/bin/../lib/gcc/arm-none-eabi/11.3.1/../../../../arm-none-eabi/lib/thumb/v7e-m+fp/hard\libnosys.a
END GROUP
START GROUP
LOAD D:/Iot/STM32CubeIDE_1.14.1/STM32CubeIDE/plugins/com.st.stm32cube.ide.mcu.externaltools.gnu-tools-for-stm32.11.3.rel1.win32_1.1.100.202309141235/tools/bin/../lib/gcc/arm-none-eabi/11.3.1/thumb/v7e-m+fp/hard\libgcc.a
LOAD D:/Iot/STM32CubeIDE_1.14.1/STM32CubeIDE/plugins/com.st.stm32cube.ide.mcu.externaltools.gnu-tools-for-stm32.11.3.rel1.win32_1.1.100.202309141235/tools/bin/../lib/gcc/arm-none-eabi/11.3.1/../../../../arm-none-eabi/lib/thumb/v7e-m+fp/hard\libc_nano.a
LOAD D:/Iot/STM32CubeIDE_1.14.1/STM32CubeIDE/plugins/com.st.stm32cube.ide.mcu.externaltools.gnu-tools-for-stm32.11.3.rel1.win32_1.1.100.202309141235/tools/bin/../lib/gcc/arm-none-eabi/11.3.1/../../../../arm-none-eabi/lib/thumb/v7e-m+fp/hard\libnosys.a
END GROUP
LOAD D:/Iot/STM32CubeIDE_1.14.1/STM32CubeIDE/plugins/com.st.stm32cube.ide.mcu.externaltools.gnu-tools-for-stm32.11.3.rel1.win32_1.1.100.202309141235/tools/bin/../lib/gcc/arm-none-eabi/11.3.1/thumb/v7e-m+fp/hard/crtend.o
LOAD D:/Iot/STM32CubeIDE_1.14.1/STM32CubeIDE/plugins/com.st.stm32cube.ide.mcu.externaltools.gnu-tools-for-stm32.11.3.rel1.win32_1.1.100.202309141235/tools/bin/../lib/gcc/arm-none-eabi/11.3.1/thumb/v7e-m+fp/hard/crtn.o
                0x0000000020018000                _estack = (ORIGIN (RAM) + LENGTH (RAM))
                0x0000000000000200                _Min_Heap_Size = 0x200
                0x0000000000000400                _Min_Stack_Size = 0x400

.isr_vector     0x0000000008000000      0x194
                0x0000000008000000                . = ALIGN (0x4)
 *(.isr_vector)
 .isr_vector    0x0000000008000000      0x194 ./Startup/startup_stm32f401retx.o
                0x0000000008000000                g_pfnVectors
                0x0000000008000194                . = ALIGN (0x4)

.text           0x0000000008000194      0x5e8
                0x0000000008000194                . = ALIGN (0x4)
 *(.text)
 .text          0x0000000008000194       0x40 D:/Iot/STM32CubeIDE_1.14.1/STM32CubeIDE/plugins/com.st.stm32cube.ide.mcu.externaltools.gnu-tools-for-stm32.11.3.rel1.win32_1.1.100.202309141235/tools/bin/../lib/gcc/arm-none-eabi/11.3.1/thumb/v7e-m+fp/hard/crtbegin.o
 *(.text*)
 .text.LED_Init
                0x00000000080001d4       0x38 ./Src/main.o
 .text.Button2_Init
                0x000000000800020c       0x38 ./Src/main.o
 .text.LedControl_SetStatus
                0x0000000008000244       0x60 ./Src/main.o
 .text.ButtonRead_Status
                0x00000000080002a4       0x2e ./Src/main.o
 .text.mainInit
                0x00000000080002d2       0x14 ./Src/main.o
                0x00000000080002d2                mainInit
 .text.Delay    0x00000000080002e6       0x22 ./Src/main.o
                0x00000000080002e6                Delay
 .text.main     0x0000000008000308       0x60 ./Src/main.o
                0x0000000008000308                main
 .text.Reset_Handler
                0x0000000008000368       0x50 ./Startup/startup_stm32f401retx.o
                0x0000000008000368                Reset_Handler
 .text.Default_Handler
                0x00000000080003b8        0x2 ./Startup/startup_stm32f401retx.o
                0x00000000080003b8                EXTI2_IRQHandler
                0x00000000080003b8                DebugMon_Handler
                0x00000000080003b8                SPI4_IRQHandler
                0x00000000080003b8                TIM1_CC_IRQHandler
                0x00000000080003b8                DMA2_Stream5_IRQHandler
                0x00000000080003b8                HardFault_Handler
                0x00000000080003b8                DMA1_Stream5_IRQHandler
                0x00000000080003b8                SysTick_Handler
                0x00000000080003b8                SDIO_IRQHandler
                0x00000000080003b8                TAMP_STAMP_IRQHandler
                0x00000000080003b8                PendSV_Handler
                0x00000000080003b8                NMI_Handler
                0x00000000080003b8                EXTI3_IRQHandler
                0x00000000080003b8                TIM1_UP_TIM10_IRQHandler
                0x00000000080003b8                I2C3_ER_IRQHandler
                0x00000000080003b8                EXTI18_OTG_FS_WKUP_IRQHandler
                0x00000000080003b8                EXTI0_IRQHandler
                0x00000000080003b8                I2C2_EV_IRQHandler
                0x00000000080003b8                DMA1_Stream2_IRQHandler
                0x00000000080003b8                UsageFault_Handler
                0x00000000080003b8                DMA2_Stream2_IRQHandler
                0x00000000080003b8                SPI1_IRQHandler
                0x00000000080003b8                TIM1_BRK_TIM9_IRQHandler
                0x00000000080003b8                DMA2_Stream3_IRQHandler
                0x00000000080003b8                USART6_IRQHandler
                0x00000000080003b8                DMA2_Stream0_IRQHandler
                0x00000000080003b8                TIM4_IRQHandler
                0x00000000080003b8                I2C1_EV_IRQHandler
                0x00000000080003b8                DMA1_Stream6_IRQHandler
                0x00000000080003b8                DMA1_Stream1_IRQHandler
                0x00000000080003b8                TIM3_IRQHandler
                0x00000000080003b8                RCC_IRQHandler
                0x00000000080003b8                Default_Handler
                0x00000000080003b8                EXTI15_10_IRQHandler
                0x00000000080003b8                ADC_IRQHandler
                0x00000000080003b8                DMA1_Stream7_IRQHandler
                0x00000000080003b8                TIM5_IRQHandler
                0x00000000080003b8                DMA2_Stream7_IRQHandler
                0x00000000080003b8                I2C3_EV_IRQHandler
                0x00000000080003b8                EXTI9_5_IRQHandler
                0x00000000080003b8                SPI2_IRQHandler
                0x00000000080003b8                MemManage_Handler
                0x00000000080003b8                DMA1_Stream0_IRQHandler
                0x00000000080003b8                SVC_Handler
                0x00000000080003b8                EXTI4_IRQHandler
                0x00000000080003b8                EXTI22_RTC_WKUP_IRQHandler
                0x00000000080003b8                TIM2_IRQHandler
                0x00000000080003b8                EXTI16_PVD_IRQHandler
                0x00000000080003b8                TIM1_TRG_COM_TIM11_IRQHandler
                0x00000000080003b8                EXTI1_IRQHandler
                0x00000000080003b8                EXTI17_RTC_Alarm_IRQHandler
                0x00000000080003b8                USART2_IRQHandler
                0x00000000080003b8                I2C2_ER_IRQHandler
                0x00000000080003b8                DMA2_Stream1_IRQHandler
                0x00000000080003b8                FLASH_IRQHandler
                0x00000000080003b8                DMA2_Stream4_IRQHandler
                0x00000000080003b8                BusFault_Handler
                0x00000000080003b8                USART1_IRQHandler
                0x00000000080003b8                OTG_FS_IRQHandler
                0x00000000080003b8                SPI3_IRQHandler
                0x00000000080003b8                DMA1_Stream4_IRQHandler
                0x00000000080003b8                I2C1_ER_IRQHandler
                0x00000000080003b8                DMA2_Stream6_IRQHandler
                0x00000000080003b8                DMA1_Stream3_IRQHandler
 *fill*         0x00000000080003ba        0x2 
 .text.SystemInit
                0x00000000080003bc       0x6c D:\Iot\SDK_1.0.3_NUCLEO-F401RE\lib_stm\libLibraries.a(system_stm32f4xx.o)
                0x00000000080003bc                SystemInit
 .text.SystemCoreClockUpdate
                0x0000000008000428       0xf8 D:\Iot\SDK_1.0.3_NUCLEO-F401RE\lib_stm\libLibraries.a(system_stm32f4xx.o)
                0x0000000008000428                SystemCoreClockUpdate
 .text.SetSysClock
                0x0000000008000520       0xa0 D:\Iot\SDK_1.0.3_NUCLEO-F401RE\lib_stm\libLibraries.a(system_stm32f4xx.o)
 .text.GPIO_Init
                0x00000000080005c0      0x11c D:\Iot\SDK_1.0.3_NUCLEO-F401RE\lib_stm\libLibraries.a(stm32f401re_gpio.o)
                0x00000000080005c0                GPIO_Init
 .text.RCC_AHB1PeriphClockCmd
                0x00000000080006dc       0x40 D:\Iot\SDK_1.0.3_NUCLEO-F401RE\lib_stm\libLibraries.a(stm32f401re_rcc.o)
                0x00000000080006dc                RCC_AHB1PeriphClockCmd
 .text.__libc_init_array
                0x000000000800071c       0x48 D:/Iot/STM32CubeIDE_1.14.1/STM32CubeIDE/plugins/com.st.stm32cube.ide.mcu.externaltools.gnu-tools-for-stm32.11.3.rel1.win32_1.1.100.202309141235/tools/bin/../lib/gcc/arm-none-eabi/11.3.1/../../../../arm-none-eabi/lib/thumb/v7e-m+fp/hard\libc_nano.a(libc_a-init.o)
                0x000000000800071c                __libc_init_array
 *(.glue_7)
 .glue_7        0x0000000008000764        0x0 linker stubs
 *(.glue_7t)
 .glue_7t       0x0000000008000764        0x0 linker stubs
 *(.eh_frame)
 .eh_frame      0x0000000008000764        0x0 D:/Iot/STM32CubeIDE_1.14.1/STM32CubeIDE/plugins/com.st.stm32cube.ide.mcu.externaltools.gnu-tools-for-stm32.11.3.rel1.win32_1.1.100.202309141235/tools/bin/../lib/gcc/arm-none-eabi/11.3.1/thumb/v7e-m+fp/hard/crtbegin.o
 *(.init)
 .init          0x0000000008000764        0x4 D:/Iot/STM32CubeIDE_1.14.1/STM32CubeIDE/plugins/com.st.stm32cube.ide.mcu.externaltools.gnu-tools-for-stm32.11.3.rel1.win32_1.1.100.202309141235/tools/bin/../lib/gcc/arm-none-eabi/11.3.1/thumb/v7e-m+fp/hard/crti.o
                0x0000000008000764                _init
 .init          0x0000000008000768        0x8 D:/Iot/STM32CubeIDE_1.14.1/STM32CubeIDE/plugins/com.st.stm32cube.ide.mcu.externaltools.gnu-tools-for-stm32.11.3.rel1.win32_1.1.100.202309141235/tools/bin/../lib/gcc/arm-none-eabi/11.3.1/thumb/v7e-m+fp/hard/crtn.o
 *(.fini)
 .fini          0x0000000008000770        0x4 D:/Iot/STM32CubeIDE_1.14.1/STM32CubeIDE/plugins/com.st.stm32cube.ide.mcu.externaltools.gnu-tools-for-stm32.11.3.rel1.win32_1.1.100.202309141235/tools/bin/../lib/gcc/arm-none-eabi/11.3.1/thumb/v7e-m+fp/hard/crti.o
                0x0000000008000770                _fini
 .fini          0x0000000008000774        0x8 D:/Iot/STM32CubeIDE_1.14.1/STM32CubeIDE/plugins/com.st.stm32cube.ide.mcu.externaltools.gnu-tools-for-stm32.11.3.rel1.win32_1.1.100.202309141235/tools/bin/../lib/gcc/arm-none-eabi/11.3.1/thumb/v7e-m+fp/hard/crtn.o
                0x000000000800077c                . = ALIGN (0x4)
                0x000000000800077c                _etext = .

.vfp11_veneer   0x000000000800077c        0x0
 .vfp11_veneer  0x000000000800077c        0x0 linker stubs

.v4_bx          0x000000000800077c        0x0
 .v4_bx         0x000000000800077c        0x0 linker stubs

.iplt           0x000000000800077c        0x0
 .iplt          0x000000000800077c        0x0 D:/Iot/STM32CubeIDE_1.14.1/STM32CubeIDE/plugins/com.st.stm32cube.ide.mcu.externaltools.gnu-tools-for-stm32.11.3.rel1.win32_1.1.100.202309141235/tools/bin/../lib/gcc/arm-none-eabi/11.3.1/thumb/v7e-m+fp/hard/crtbegin.o

.rel.dyn        0x000000000800077c        0x0
 .rel.iplt      0x000000000800077c        0x0 D:/Iot/STM32CubeIDE_1.14.1/STM32CubeIDE/plugins/com.st.stm32cube.ide.mcu.externaltools.gnu-tools-for-stm32.11.3.rel1.win32_1.1.100.202309141235/tools/bin/../lib/gcc/arm-none-eabi/11.3.1/thumb/v7e-m+fp/hard/crtbegin.o

.rodata         0x000000000800077c        0x0
                0x000000000800077c                . = ALIGN (0x4)
 *(.rodata)
 *(.rodata*)
                0x000000000800077c                . = ALIGN (0x4)

.ARM.extab      0x000000000800077c        0x0
                0x000000000800077c                . = ALIGN (0x4)
 *(.ARM.extab* .gnu.linkonce.armextab.*)
                0x000000000800077c                . = ALIGN (0x4)

.ARM            0x000000000800077c        0x0
                0x000000000800077c                . = ALIGN (0x4)
                0x000000000800077c                __exidx_start = .
 *(.ARM.exidx*)
                0x000000000800077c                __exidx_end = .
                0x000000000800077c                . = ALIGN (0x4)

.preinit_array  0x000000000800077c        0x0
                0x000000000800077c                . = ALIGN (0x4)
                0x000000000800077c                PROVIDE (__preinit_array_start = .)
 *(.preinit_array*)
                0x000000000800077c                PROVIDE (__preinit_array_end = .)
                0x000000000800077c                . = ALIGN (0x4)

.init_array     0x000000000800077c        0x4
                0x000000000800077c                . = ALIGN (0x4)
                0x000000000800077c                PROVIDE (__init_array_start = .)
 *(SORT_BY_NAME(.init_array.*))
 *(.init_array*)
 .init_array    0x000000000800077c        0x4 D:/Iot/STM32CubeIDE_1.14.1/STM32CubeIDE/plugins/com.st.stm32cube.ide.mcu.externaltools.gnu-tools-for-stm32.11.3.rel1.win32_1.1.100.202309141235/tools/bin/../lib/gcc/arm-none-eabi/11.3.1/thumb/v7e-m+fp/hard/crtbegin.o
                0x0000000008000780                PROVIDE (__init_array_end = .)
                0x0000000008000780                . = ALIGN (0x4)

.fini_array     0x0000000008000780        0x4
                0x0000000008000780                . = ALIGN (0x4)
                [!provide]                        PROVIDE (__fini_array_start = .)
 *(SORT_BY_NAME(.fini_array.*))
 *(.fini_array*)
 .fini_array    0x0000000008000780        0x4 D:/Iot/STM32CubeIDE_1.14.1/STM32CubeIDE/plugins/com.st.stm32cube.ide.mcu.externaltools.gnu-tools-for-stm32.11.3.rel1.win32_1.1.100.202309141235/tools/bin/../lib/gcc/arm-none-eabi/11.3.1/thumb/v7e-m+fp/hard/crtbegin.o
                [!provide]                        PROVIDE (__fini_array_end = .)
                0x0000000008000784                . = ALIGN (0x4)
                0x0000000008000784                _sidata = LOADADDR (.data)

.data           0x0000000020000000       0x14 load address 0x0000000008000784
                0x0000000020000000                . = ALIGN (0x4)
                0x0000000020000000                _sdata = .
 *(.data)
 *(.data*)
 .data.SystemCoreClock
                0x0000000020000000        0x4 D:\Iot\SDK_1.0.3_NUCLEO-F401RE\lib_stm\libLibraries.a(system_stm32f4xx.o)
                0x0000000020000000                SystemCoreClock
 .data.AHBPrescTable
                0x0000000020000004       0x10 D:\Iot\SDK_1.0.3_NUCLEO-F401RE\lib_stm\libLibraries.a(system_stm32f4xx.o)
                0x0000000020000004                AHBPrescTable
 *(.RamFunc)
 *(.RamFunc*)
                0x0000000020000014                . = ALIGN (0x4)
                0x0000000020000014                _edata = .

.igot.plt       0x0000000020000014        0x0 load address 0x0000000008000798
 .igot.plt      0x0000000020000014        0x0 D:/Iot/STM32CubeIDE_1.14.1/STM32CubeIDE/plugins/com.st.stm32cube.ide.mcu.externaltools.gnu-tools-for-stm32.11.3.rel1.win32_1.1.100.202309141235/tools/bin/../lib/gcc/arm-none-eabi/11.3.1/thumb/v7e-m+fp/hard/crtbegin.o
                0x0000000020000014                . = ALIGN (0x4)

.bss            0x0000000020000014       0x1c load address 0x0000000008000798
                0x0000000020000014                _sbss = .
                0x0000000020000014                __bss_start__ = _sbss
 *(.bss)
 .bss           0x0000000020000014       0x1c D:/Iot/STM32CubeIDE_1.14.1/STM32CubeIDE/plugins/com.st.stm32cube.ide.mcu.externaltools.gnu-tools-for-stm32.11.3.rel1.win32_1.1.100.202309141235/tools/bin/../lib/gcc/arm-none-eabi/11.3.1/thumb/v7e-m+fp/hard/crtbegin.o
 *(.bss*)
 *(COMMON)
                0x0000000020000030                . = ALIGN (0x4)
                0x0000000020000030                _ebss = .
                0x0000000020000030                __bss_end__ = _ebss

._user_heap_stack
                0x0000000020000030      0x600 load address 0x0000000008000798
                0x0000000020000030                . = ALIGN (0x8)
                [!provide]                        PROVIDE (end = .)
                0x0000000020000030                PROVIDE (_end = .)
                0x0000000020000230                . = (. + _Min_Heap_Size)
 *fill*         0x0000000020000030      0x200 
                0x0000000020000630                . = (. + _Min_Stack_Size)
 *fill*         0x0000000020000230      0x400 
                0x0000000020000630                . = ALIGN (0x8)

/DISCARD/
 libc.a(*)
 libm.a(*)
 libgcc.a(*)

.ARM.attributes
                0x0000000000000000       0x30
 *(.ARM.attributes)
 .ARM.attributes
                0x0000000000000000       0x1e D:/Iot/STM32CubeIDE_1.14.1/STM32CubeIDE/plugins/com.st.stm32cube.ide.mcu.externaltools.gnu-tools-for-stm32.11.3.rel1.win32_1.1.100.202309141235/tools/bin/../lib/gcc/arm-none-eabi/11.3.1/thumb/v7e-m+fp/hard/crti.o
 .ARM.attributes
                0x000000000000001e       0x34 D:/Iot/STM32CubeIDE_1.14.1/STM32CubeIDE/plugins/com.st.stm32cube.ide.mcu.externaltools.gnu-tools-for-stm32.11.3.rel1.win32_1.1.100.202309141235/tools/bin/../lib/gcc/arm-none-eabi/11.3.1/thumb/v7e-m+fp/hard/crtbegin.o
 .ARM.attributes
                0x0000000000000052       0x34 ./Src/main.o
 .ARM.attributes
                0x0000000000000086       0x21 ./Startup/startup_stm32f401retx.o
 .ARM.attributes
                0x00000000000000a7       0x39 D:\Iot\SDK_1.0.3_NUCLEO-F401RE\lib_stm\libLibraries.a(system_stm32f4xx.o)
 .ARM.attributes
                0x00000000000000e0       0x39 D:\Iot\SDK_1.0.3_NUCLEO-F401RE\lib_stm\libLibraries.a(stm32f401re_gpio.o)
 .ARM.attributes
                0x0000000000000119       0x39 D:\Iot\SDK_1.0.3_NUCLEO-F401RE\lib_stm\libLibraries.a(stm32f401re_rcc.o)
 .ARM.attributes
                0x0000000000000152       0x34 D:/Iot/STM32CubeIDE_1.14.1/STM32CubeIDE/plugins/com.st.stm32cube.ide.mcu.externaltools.gnu-tools-for-stm32.11.3.rel1.win32_1.1.100.202309141235/tools/bin/../lib/gcc/arm-none-eabi/11.3.1/../../../../arm-none-eabi/lib/thumb/v7e-m+fp/hard\libc_nano.a(libc_a-init.o)
 .ARM.attributes
                0x0000000000000186       0x1e D:/Iot/STM32CubeIDE_1.14.1/STM32CubeIDE/plugins/com.st.stm32cube.ide.mcu.externaltools.gnu-tools-for-stm32.11.3.rel1.win32_1.1.100.202309141235/tools/bin/../lib/gcc/arm-none-eabi/11.3.1/thumb/v7e-m+fp/hard/crtn.o
OUTPUT(ThiIOT.elf elf32-littlearm)
LOAD linker stubs
LOAD D:/Iot/STM32CubeIDE_1.14.1/STM32CubeIDE/plugins/com.st.stm32cube.ide.mcu.externaltools.gnu-tools-for-stm32.11.3.rel1.win32_1.1.100.202309141235/tools/bin/../lib/gcc/arm-none-eabi/11.3.1/../../../../arm-none-eabi/lib/thumb/v7e-m+fp/hard\libc.a
LOAD D:/Iot/STM32CubeIDE_1.14.1/STM32CubeIDE/plugins/com.st.stm32cube.ide.mcu.externaltools.gnu-tools-for-stm32.11.3.rel1.win32_1.1.100.202309141235/tools/bin/../lib/gcc/arm-none-eabi/11.3.1/../../../../arm-none-eabi/lib/thumb/v7e-m+fp/hard\libm.a
LOAD D:/Iot/STM32CubeIDE_1.14.1/STM32CubeIDE/plugins/com.st.stm32cube.ide.mcu.externaltools.gnu-tools-for-stm32.11.3.rel1.win32_1.1.100.202309141235/tools/bin/../lib/gcc/arm-none-eabi/11.3.1/thumb/v7e-m+fp/hard\libgcc.a

.comment        0x0000000000000000       0xbe
 .comment       0x0000000000000000       0x43 D:/Iot/STM32CubeIDE_1.14.1/STM32CubeIDE/plugins/com.st.stm32cube.ide.mcu.externaltools.gnu-tools-for-stm32.11.3.rel1.win32_1.1.100.202309141235/tools/bin/../lib/gcc/arm-none-eabi/11.3.1/thumb/v7e-m+fp/hard/crtbegin.o
                                         0x44 (size before relaxing)
 .comment       0x0000000000000043       0x44 ./Src/main.o
 .comment       0x0000000000000043       0x7b D:\Iot\SDK_1.0.3_NUCLEO-F401RE\lib_stm\libLibraries.a(system_stm32f4xx.o)
                                         0x7c (size before relaxing)
 .comment       0x00000000000000be       0x7c D:\Iot\SDK_1.0.3_NUCLEO-F401RE\lib_stm\libLibraries.a(stm32f401re_gpio.o)
 .comment       0x00000000000000be       0x7c D:\Iot\SDK_1.0.3_NUCLEO-F401RE\lib_stm\libLibraries.a(stm32f401re_rcc.o)

.debug_info     0x0000000000000000     0x1d6e
 .debug_info    0x0000000000000000      0x407 ./Src/main.o
 .debug_info    0x0000000000000407       0x23 ./Startup/startup_stm32f401retx.o
 .debug_info    0x000000000000042a      0x5bb D:\Iot\SDK_1.0.3_NUCLEO-F401RE\lib_stm\libLibraries.a(system_stm32f4xx.o)
 .debug_info    0x00000000000009e5      0x62b D:\Iot\SDK_1.0.3_NUCLEO-F401RE\lib_stm\libLibraries.a(stm32f401re_gpio.o)
 .debug_info    0x0000000000001010      0xd5e D:\Iot\SDK_1.0.3_NUCLEO-F401RE\lib_stm\libLibraries.a(stm32f401re_rcc.o)

.debug_abbrev   0x0000000000000000      0x6da
 .debug_abbrev  0x0000000000000000      0x1fd ./Src/main.o
 .debug_abbrev  0x00000000000001fd       0x12 ./Startup/startup_stm32f401retx.o
 .debug_abbrev  0x000000000000020f      0x138 D:\Iot\SDK_1.0.3_NUCLEO-F401RE\lib_stm\libLibraries.a(system_stm32f4xx.o)
 .debug_abbrev  0x0000000000000347      0x1bf D:\Iot\SDK_1.0.3_NUCLEO-F401RE\lib_stm\libLibraries.a(stm32f401re_gpio.o)
 .debug_abbrev  0x0000000000000506      0x1d4 D:\Iot\SDK_1.0.3_NUCLEO-F401RE\lib_stm\libLibraries.a(stm32f401re_rcc.o)

.debug_aranges  0x0000000000000000      0x2c8
 .debug_aranges
                0x0000000000000000       0x50 ./Src/main.o
 .debug_aranges
                0x0000000000000050       0x28 ./Startup/startup_stm32f401retx.o
 .debug_aranges
                0x0000000000000078       0x30 D:\Iot\SDK_1.0.3_NUCLEO-F401RE\lib_stm\libLibraries.a(system_stm32f4xx.o)
 .debug_aranges
                0x00000000000000a8       0x88 D:\Iot\SDK_1.0.3_NUCLEO-F401RE\lib_stm\libLibraries.a(stm32f401re_gpio.o)
 .debug_aranges
                0x0000000000000130      0x198 D:\Iot\SDK_1.0.3_NUCLEO-F401RE\lib_stm\libLibraries.a(stm32f401re_rcc.o)

.debug_rnglists
                0x0000000000000000       0x50
 .debug_rnglists
                0x0000000000000000       0x37 ./Src/main.o
 .debug_rnglists
                0x0000000000000037       0x19 ./Startup/startup_stm32f401retx.o

.debug_macro    0x0000000000000000     0xce52
 .debug_macro   0x0000000000000000      0x1f6 ./Src/main.o
 .debug_macro   0x00000000000001f6      0xab4 ./Src/main.o
 .debug_macro   0x0000000000000caa       0x22 ./Src/main.o
 .debug_macro   0x0000000000000ccc       0x5b ./Src/main.o
 .debug_macro   0x0000000000000d27       0x2a ./Src/main.o
 .debug_macro   0x0000000000000d51       0x94 ./Src/main.o
 .debug_macro   0x0000000000000de5       0x43 ./Src/main.o
 .debug_macro   0x0000000000000e28       0x34 ./Src/main.o
 .debug_macro   0x0000000000000e5c       0x16 ./Src/main.o
 .debug_macro   0x0000000000000e72       0x57 ./Src/main.o
 .debug_macro   0x0000000000000ec9       0x97 ./Src/main.o
 .debug_macro   0x0000000000000f60      0x369 ./Src/main.o
 .debug_macro   0x00000000000012c9       0xfd ./Src/main.o
 .debug_macro   0x00000000000013c6       0x10 ./Src/main.o
 .debug_macro   0x00000000000013d6       0x16 ./Src/main.o
 .debug_macro   0x00000000000013ec       0x43 ./Src/main.o
 .debug_macro   0x000000000000142f       0x34 ./Src/main.o
 .debug_macro   0x0000000000001463       0x10 ./Src/main.o
 .debug_macro   0x0000000000001473       0x58 ./Src/main.o
 .debug_macro   0x00000000000014cb       0x8e ./Src/main.o
 .debug_macro   0x0000000000001559       0x1c ./Src/main.o
 .debug_macro   0x0000000000001575      0x177 ./Src/main.o
 .debug_macro   0x00000000000016ec       0x16 ./Src/main.o
 .debug_macro   0x0000000000001702       0x16 ./Src/main.o
 .debug_macro   0x0000000000001718      0x147 ./Src/main.o
 .debug_macro   0x000000000000185f      0x103 ./Src/main.o
 .debug_macro   0x0000000000001962       0x6a ./Src/main.o
 .debug_macro   0x00000000000019cc      0x1df ./Src/main.o
 .debug_macro   0x0000000000001bab       0x6b ./Src/main.o
 .debug_macro   0x0000000000001c16       0x3b ./Src/main.o
 .debug_macro   0x0000000000001c51       0x34 ./Src/main.o
 .debug_macro   0x0000000000001c85       0x26 ./Src/main.o
 .debug_macro   0x0000000000001cab      0xe43 ./Src/main.o
 .debug_macro   0x0000000000002aee     0x8018 ./Src/main.o
 .debug_macro   0x000000000000ab06      0x64a ./Src/main.o
 .debug_macro   0x000000000000b150      0x2f4 ./Src/main.o
 .debug_macro   0x000000000000b444       0x88 ./Src/main.o
 .debug_macro   0x000000000000b4cc       0xc4 ./Src/main.o
 .debug_macro   0x000000000000b590       0x1c ./Src/main.o
 .debug_macro   0x000000000000b5ac       0xce D:\Iot\SDK_1.0.3_NUCLEO-F401RE\lib_stm\libLibraries.a(system_stm32f4xx.o)
 .debug_macro   0x000000000000b67a      0xa66 D:\Iot\SDK_1.0.3_NUCLEO-F401RE\lib_stm\libLibraries.a(system_stm32f4xx.o)
 .debug_macro   0x000000000000c0e0       0x22 D:\Iot\SDK_1.0.3_NUCLEO-F401RE\lib_stm\libLibraries.a(system_stm32f4xx.o)
 .debug_macro   0x000000000000c102       0x8e D:\Iot\SDK_1.0.3_NUCLEO-F401RE\lib_stm\libLibraries.a(system_stm32f4xx.o)
 .debug_macro   0x000000000000c190       0x51 D:\Iot\SDK_1.0.3_NUCLEO-F401RE\lib_stm\libLibraries.a(system_stm32f4xx.o)
 .debug_macro   0x000000000000c1e1       0xef D:\Iot\SDK_1.0.3_NUCLEO-F401RE\lib_stm\libLibraries.a(system_stm32f4xx.o)
 .debug_macro   0x000000000000c2d0       0xc3 D:\Iot\SDK_1.0.3_NUCLEO-F401RE\lib_stm\libLibraries.a(stm32f401re_gpio.o)
 .debug_macro   0x000000000000c393      0x2ee D:\Iot\SDK_1.0.3_NUCLEO-F401RE\lib_stm\libLibraries.a(stm32f401re_gpio.o)
 .debug_macro   0x000000000000c681      0x18d D:\Iot\SDK_1.0.3_NUCLEO-F401RE\lib_stm\libLibraries.a(stm32f401re_rcc.o)
 .debug_macro   0x000000000000c80e      0x644 D:\Iot\SDK_1.0.3_NUCLEO-F401RE\lib_stm\libLibraries.a(stm32f401re_rcc.o)

.debug_line     0x0000000000000000     0x1c86
 .debug_line    0x0000000000000000      0x83b ./Src/main.o
 .debug_line    0x000000000000083b       0x7b ./Startup/startup_stm32f401retx.o
 .debug_line    0x00000000000008b6      0x4a0 D:\Iot\SDK_1.0.3_NUCLEO-F401RE\lib_stm\libLibraries.a(system_stm32f4xx.o)
 .debug_line    0x0000000000000d56      0x65e D:\Iot\SDK_1.0.3_NUCLEO-F401RE\lib_stm\libLibraries.a(stm32f401re_gpio.o)
 .debug_line    0x00000000000013b4      0x8d2 D:\Iot\SDK_1.0.3_NUCLEO-F401RE\lib_stm\libLibraries.a(stm32f401re_rcc.o)

.debug_str      0x0000000000000000    0x3fa66
 .debug_str     0x0000000000000000    0x3e612 ./Src/main.o
                                      0x3e863 (size before relaxing)
 .debug_str     0x000000000003e612       0x2f ./Startup/startup_stm32f401retx.o
                                         0x43 (size before relaxing)
 .debug_str     0x000000000003e641      0x6da D:\Iot\SDK_1.0.3_NUCLEO-F401RE\lib_stm\libLibraries.a(system_stm32f4xx.o)
                                      0x3583e (size before relaxing)
 .debug_str     0x000000000003ed1b      0x192 D:\Iot\SDK_1.0.3_NUCLEO-F401RE\lib_stm\libLibraries.a(stm32f401re_gpio.o)
                                      0x3a690 (size before relaxing)
 .debug_str     0x000000000003eead      0xbb9 D:\Iot\SDK_1.0.3_NUCLEO-F401RE\lib_stm\libLibraries.a(stm32f401re_rcc.o)
                                      0x39aa1 (size before relaxing)

.debug_frame    0x0000000000000000      0xb5c
 .debug_frame   0x0000000000000000      0x10c ./Src/main.o
 .debug_frame   0x000000000000010c       0x74 D:\Iot\SDK_1.0.3_NUCLEO-F401RE\lib_stm\libLibraries.a(system_stm32f4xx.o)
 .debug_frame   0x0000000000000180      0x23c D:\Iot\SDK_1.0.3_NUCLEO-F401RE\lib_stm\libLibraries.a(stm32f401re_gpio.o)
 .debug_frame   0x00000000000003bc      0x774 D:\Iot\SDK_1.0.3_NUCLEO-F401RE\lib_stm\libLibraries.a(stm32f401re_rcc.o)
 .debug_frame   0x0000000000000b30       0x2c D:/Iot/STM32CubeIDE_1.14.1/STM32CubeIDE/plugins/com.st.stm32cube.ide.mcu.externaltools.gnu-tools-for-stm32.11.3.rel1.win32_1.1.100.202309141235/tools/bin/../lib/gcc/arm-none-eabi/11.3.1/../../../../arm-none-eabi/lib/thumb/v7e-m+fp/hard\libc_nano.a(libc_a-init.o)

.debug_line_str
                0x0000000000000000       0x37
 .debug_line_str
                0x0000000000000000       0x37 ./Startup/startup_stm32f401retx.o
                                         0x4f (size before relaxing)

.debug_ranges   0x0000000000000000      0x220
 .debug_ranges  0x0000000000000000       0x20 D:\Iot\SDK_1.0.3_NUCLEO-F401RE\lib_stm\libLibraries.a(system_stm32f4xx.o)
 .debug_ranges  0x0000000000000020       0x78 D:\Iot\SDK_1.0.3_NUCLEO-F401RE\lib_stm\libLibraries.a(stm32f401re_gpio.o)
 .debug_ranges  0x0000000000000098      0x188 D:\Iot\SDK_1.0.3_NUCLEO-F401RE\lib_stm\libLibraries.a(stm32f401re_rcc.o)
